// Jest Snapshot v1, https://goo.gl/fbAQLP

exports[`AppHeader test Suite renders component 1`] = `
<div>
  <nav
    className="navbar navbar-light bg-dark"
  >
    <div
      className="brand"
    >
      <a
        className="navbar-brand nav-link text-white"
        href="/"
        onClick={[Function]}
      >
        My Travel Guide
      </a>
    </div>
    <div
      className="menu"
    >
      <a
        className="nav-link text-white"
        href="/articles/new"
        onClick={[Function]}
      >
        Create an article
      </a>
    </div>
  </nav>
</div>
`;
