// Jest Snapshot v1, https://goo.gl/fbAQLP

exports[`Article Form without content renders a blank article form without crashing 1`] = `
<div
  className="container article-container-form"
  onDragOver={[Function]}
  onDrop={[Function]}
>
  <div
    className="audienceSelection incomplete"
  >
    <div
      className="row justify-content-sm-center"
    >
      <h2
        className="col-12 sectionLabel"
      >
        For whom is the trip intended ?
      </h2>
      <p
        className="col-12 mainTitleSub"
      >
        (select all that apply)
      </p>
    </div>
    <div
      className="row justify-content-sm-center form-check"
    />
    <button
      className="btn btn-dark AudienceSubmit"
      onClick={[Function]}
    >
      Continue writing
    </button>
  </div>
  <div
    className="row"
  >
    <div
      className="col"
    />
  </div>
</div>
`;
